[LI][SMOKE][req=80832430-c7de-46c9-b3ef-fa5689699fbc] LOG_DIR: /Users/richard/IdeaProjects/relationship-inbox-os/apps/runner/logs/runs/2026-02-19/linkedin/80832430-c7de-46c9-b3ef-fa5689699fbc
[LI][SMOKE][req=80832430-c7de-46c9-b3ef-fa5689699fbc][step=1/8] entry_url: forced unread entry details={"URL_BEFORE":"https://www.linkedin.com/messaging/thread/2-OTg5OGU3OWUtNmVlZi00NzQzLWE2YmMtZjdkMGRiZTZhYjMyXzEwMA==/","URL_AFTER_GOTO":"https://www.linkedin.com/messaging/?filter=unread","URL_AFTER_1S":"https://www.linkedin.com/messaging/?filter=unread","shellReady":true,"title":"(3) Messaging | LinkedIn","searchInputCounts":{"input[placeholder*='Search messages' i]":1,"input[aria-label*='Search messages' i]":0,"input[aria-label*='Search' i]":1},"listContainerCounts":{"ul.msg-conversations-container__conversations-list":1,"[class*='msg-conversations-container__conversations-list']":1},"participantNamesCount":10,"convoItemLinkCount":10,"conversationListItemCount":20}
[LI][SMOKE][req=80832430-c7de-46c9-b3ef-fa5689699fbc][step=2/8] unread_filter: activating Unread filter
[LI][SMOKE][req=80832430-c7de-46c9-b3ef-fa5689699fbc][step=2/8] unread_filter: Unread pill state details={"activeBefore":true,"activeAfter":true,"clicked":false}
[LI][SMOKE][req=80832430-c7de-46c9-b3ef-fa5689699fbc][step=3/8] list_ready: waiting for unread rows or empty state
[LI][SMOKE][req=80832430-c7de-46c9-b3ef-fa5689699fbc][step=3/8] list_ready: unread list settled details={"containerSelector":"ul.msg-conversations-container__conversations-list","containerChildCount":22,"namesCount":12,"clickTargetsCount":12,"unreadCounterCounts":[{"selector":".msg-conversation-card__unread-count","count":12,"samples":["6 6 new notifications","6 unread messages","1 1 new notification"]},{"selector":".msg-conversation-card__unread-count .notification-badge__count","count":12,"samples":["6","1","1"]},{"selector":".artdeco-notification-badge[aria-label*='unread']","count":12,"samples":["6 6 new notifications","6 unread messages","1 1 new notification"]},{"selector":".artdeco-notification-badge .notification-badge__count","count":14,"samples":["1","2","6"]},{"selector":"[aria-label*='unread message']","count":12,"samples":["6 6 new notifications","6 unread messages","1 1 new notification"]},{"selector":"[aria-label*='new notification']","count":0,"samples":[]}],"unreadCounterValues":[6,6,6,1,1],"emptyStateDetected":false}
[LI][SMOKE][req=80832430-c7de-46c9-b3ef-fa5689699fbc][step=4/8] thread_row_meta: first thread metadata extracted details={"participantName":"[redacted:11]","listTimestamp":"Jan 24","previewSnippet":"[redacted:148]","unreadCount":6}
[LI][SMOKE][req=80832430-c7de-46c9-b3ef-fa5689699fbc][step=5/8] open_thread: opening first detected thread
[LI][SMOKE][req=80832430-c7de-46c9-b3ef-fa5689699fbc][step=5/8] open_thread: thread opened details={"messageContainerSelector":"[redacted:40]"}
[LI][SMOKE][req=80832430-c7de-46c9-b3ef-fa5689699fbc][step=6/8] parse_messages: parsing visible messages
[LI][SMOKE][req=80832430-c7de-46c9-b3ef-fa5689699fbc][step=6/8] parse_messages: messages parsed details={"messagesParsed":2}
[LI][SMOKE][req=80832430-c7de-46c9-b3ef-fa5689699fbc][step=7/8] persist: persisting thread and messages
[LI][SMOKE][req=80832430-c7de-46c9-b3ef-fa5689699fbc] SMOKE_FAIL stage=smoke_unread reason=unknown error=
Invalid `prisma.thread.update()` invocation in
/Users/richard/IdeaProjects/relationship-inbox-os/apps/runner/src/services/scan-queue.ts:1331:25

  1328   toneNotesJson = JSON.stringify(aiSummary.tone_notes);
  1329 }
  1330 
→ 1331 await prisma.thread.update(
unexpected end of hex escape at line 1 column 1031
[LI][SMOKE][req=80832430-c7de-46c9-b3ef-fa5689699fbc] LOG_DIR: /Users/richard/IdeaProjects/relationship-inbox-os/apps/runner/logs/runs/2026-02-19/linkedin/80832430-c7de-46c9-b3ef-fa5689699fbc
