[LI][SMOKE][req=7c3ce3af-681a-40dd-8afb-03781860f42a] LOG_DIR: /Users/richard/IdeaProjects/relationship-inbox-os/apps/runner/logs/runs/2026-02-19/linkedin/7c3ce3af-681a-40dd-8afb-03781860f42a
[LI][SMOKE][req=7c3ce3af-681a-40dd-8afb-03781860f42a][navigate] shellReady=true url=https://www.linkedin.com/messaging/?filter=unread
[LI][SMOKE][req=7c3ce3af-681a-40dd-8afb-03781860f42a][step=1/8] entry_url: forced unread entry details={"URL_BEFORE":"https://www.linkedin.com/messaging/thread/2-OTg5OGU3OWUtNmVlZi00NzQzLWE2YmMtZjdkMGRiZTZhYjMyXzEwMA==/","URL_AFTER_GOTO":"https://www.linkedin.com/messaging/?filter=unread","URL_AFTER_1S":"https://www.linkedin.com/messaging/?filter=unread","shellReady":true,"title":"(3) Messaging | LinkedIn","searchInputCounts":{"input[placeholder*='Search messages' i]":1,"input[aria-label*='Search messages' i]":0,"input[aria-label*='Search' i]":1},"listContainerCounts":{"ul.msg-conversations-container__conversations-list":1,"[class*='msg-conversations-container__conversations-list']":1},"filterPillCount":5,"visibleSearchInput":true,"visibleListContainer":true,"visibleFilterPills":true}
[LI][SMOKE][req=7c3ce3af-681a-40dd-8afb-03781860f42a][step=2/8] unread_filter: activating Unread filter
[LI][SMOKE][req=7c3ce3af-681a-40dd-8afb-03781860f42a][step=2/8] unread_filter: Unread pill state details={"activeBefore":true,"activeAfter":true,"clicked":false}
[LI][SMOKE][req=7c3ce3af-681a-40dd-8afb-03781860f42a][unread] activeAfter=true
[LI][SMOKE][req=7c3ce3af-681a-40dd-8afb-03781860f42a][step=3/8] list_ready: waiting for unread rows or empty state
[LI][SMOKE][req=7c3ce3af-681a-40dd-8afb-03781860f42a][rows] rows=12 emptyUnreadState=false
[LI][SMOKE][req=7c3ce3af-681a-40dd-8afb-03781860f42a][step=3/8] list_ready: unread list settled details={"containerSelector":"ul.msg-conversations-container__conversations-list","containerChildCount":22,"namesCount":12,"clickTargetsCount":12,"directLiCount":22,"realRowCount":12,"unreadCounterCounts":[{"selector":".msg-conversation-card__unread-count","count":12,"samples":["1 1 new notification","1 unread message","1 1 new notification"]},{"selector":".msg-conversation-card__unread-count .notification-badge__count","count":12,"samples":["1","1","1"]},{"selector":".artdeco-notification-badge[aria-label*='unread']","count":12,"samples":["1 1 new notification","1 unread message","1 1 new notification"]},{"selector":".artdeco-notification-badge .notification-badge__count","count":14,"samples":["1","2","1"]},{"selector":"[aria-label*='unread message']","count":12,"samples":["1 1 new notification","1 unread message","1 1 new notification"]},{"selector":"[aria-label*='new notification']","count":0,"samples":[]}],"unreadCounterValues":[1,1,1,1,1],"emptyStateDetected":false}
[LI][SMOKE][req=7c3ce3af-681a-40dd-8afb-03781860f42a][candidates] n=12 first="Eliyas Assefaw" time="Jan 21"
[LI][SMOKE][req=7c3ce3af-681a-40dd-8afb-03781860f42a][candidates] top3=[{"name":"Eliyas Assefaw","time":"Jan 21","preview":"Eliyas: Damn I see"},{"name":"Volker Sommer","time":"Jan 20","preview":"Sponsored Unlock $6.3M in Annual SAP Benefits?"},{"name":"Stephanie Gillies","time":"Jan 13","preview":"Sponsored Ready for the Zero-Click World?"}]
[LI][SMOKE][req=7c3ce3af-681a-40dd-8afb-03781860f42a][step=4/8] thread_row_meta: first thread metadata extracted details={"participantName":"[redacted:14]","listTimestamp":"Jan 21","previewSnippet":"[redacted:18]","unreadCount":1}
[LI][SMOKE][req=7c3ce3af-681a-40dd-8afb-03781860f42a][step=5/8] open_thread: opening first detected thread
[LI][SMOKE][req=7c3ce3af-681a-40dd-8afb-03781860f42a][step=5/8] open_thread: thread opened details={"messageContainerSelector":"[redacted:40]"}
[LI][SMOKE][req=7c3ce3af-681a-40dd-8afb-03781860f42a][step=6/8] parse_messages: parsing visible messages
[LI][SMOKE][req=7c3ce3af-681a-40dd-8afb-03781860f42a][step=6/8] parse_messages: messages parsed details={"messagesParsed":2}
[LI][SMOKE][req=7c3ce3af-681a-40dd-8afb-03781860f42a][step=7/8] persist: persisting thread and messages
[LI][SMOKE][req=7c3ce3af-681a-40dd-8afb-03781860f42a][step=7/8] persist: persist complete details={"updatedThreads":1,"parsedMessages":2}
[LI][SMOKE][req=7c3ce3af-681a-40dd-8afb-03781860f42a][step=8/8] done: SMOKE_OK details={"name":"[redacted:14]","listTimestamp":"Jan 21","unreadCount":1,"messagesParsed":2}
[LI][SMOKE][req=7c3ce3af-681a-40dd-8afb-03781860f42a] SMOKE_OK outcome=INGESTED_ONE_THREAD name=Eliyas Assefaw listTimestamp=Jan 21 messagesParsed=2
[LI][SMOKE][req=7c3ce3af-681a-40dd-8afb-03781860f42a] LOG_DIR: /Users/richard/IdeaProjects/relationship-inbox-os/apps/runner/logs/runs/2026-02-19/linkedin/7c3ce3af-681a-40dd-8afb-03781860f42a
